// Jest Snapshot v1, https://goo.gl/fbAQLP

exports[`Renders with default props 1`] = `
<styled.div>
  <styled.div
    key="0"
  >
    <Cell
      currentNumber={1}
      key="0-0"
    >
      1
    </Cell>
    <Cell
      currentNumber={1}
      key="0-1"
    >
      1
    </Cell>
    <Cell
      currentNumber={1}
      key="0-2"
    >
      1
    </Cell>
    <Cell
      currentNumber={1}
      key="0-3"
    >
      1
    </Cell>
    <Cell
      currentNumber={1}
      key="0-4"
    >
      1
    </Cell>
  </styled.div>
  <styled.div
    key="1"
  >
    <Cell
      currentNumber={1}
      key="1-0"
    >
      1
    </Cell>
    <Cell
      currentNumber={1}
      key="1-1"
    >
      1
    </Cell>
    <Cell
      currentNumber={1}
      key="1-2"
    >
      1
    </Cell>
    <Cell
      currentNumber={1}
      key="1-3"
    >
      1
    </Cell>
    <Cell
      currentNumber={1}
      key="1-4"
    >
      1
    </Cell>
  </styled.div>
  <styled.div
    key="2"
  >
    <Cell
      currentNumber={1}
      key="2-0"
    >
      1
    </Cell>
    <Cell
      currentNumber={1}
      key="2-1"
    >
      1
    </Cell>
    <Cell
      currentNumber={1}
      key="2-2"
    >
      1
    </Cell>
    <Cell
      currentNumber={1}
      key="2-3"
    >
      1
    </Cell>
    <Cell
      currentNumber={1}
      key="2-4"
    >
      1
    </Cell>
  </styled.div>
  <styled.div
    key="3"
  >
    <Cell
      currentNumber={1}
      key="3-0"
    >
      1
    </Cell>
    <Cell
      currentNumber={1}
      key="3-1"
    >
      1
    </Cell>
    <Cell
      currentNumber={1}
      key="3-2"
    >
      1
    </Cell>
    <Cell
      currentNumber={1}
      key="3-3"
    >
      1
    </Cell>
    <Cell
      currentNumber={1}
      key="3-4"
    >
      1
    </Cell>
  </styled.div>
  <styled.div
    key="4"
  >
    <Cell
      currentNumber={1}
      key="4-0"
    >
      1
    </Cell>
    <Cell
      currentNumber={1}
      key="4-1"
    >
      1
    </Cell>
    <Cell
      currentNumber={1}
      key="4-2"
    >
      1
    </Cell>
    <Cell
      currentNumber={1}
      key="4-3"
    >
      1
    </Cell>
    <Cell
      currentNumber={1}
      key="4-4"
    >
      1
    </Cell>
  </styled.div>
</styled.div>
`;
