// Jest Snapshot v1, https://goo.gl/fbAQLP

exports[`Renders with default props 1`] = `
.c0 {
  height: 40px;
  width: 100px;
  font-size: 15px;
  border: 1px solid #989a9b;
  border-radius: 5px;
  background-color: #cdd2d4;
  text-align: center;
  vertical-align: middle;
  line-height: 35px;
  cursor: pointer;
  -webkit-transition: all 0.8s ease-in-out;
  transition: all 0.8s ease-in-out;
  -webkit-transition-property: background-color box-shadow;
  transition-property: background-color box-shadow;
}

.c0:hover {
  background-color: #acb0b3;
  box-shadow: 0px 15px 10px -10px #373839;
  -webkit-transform: translateY(3px);
  -ms-transform: translateY(3px);
  transform: translateY(3px);
  -webkit-transition: all 0.3s ease-in-out;
  transition: all 0.3s ease-in-out;
  -webkit-transition-property: background-color box-shadow;
  transition-property: background-color box-shadow;
}

<div
  className="c0"
  disabled={false}
  onClick={[Function]}
>
  Click Me
</div>
`;

exports[`Renders with onClick prop 1`] = `
.c0 {
  height: 40px;
  width: 100px;
  font-size: 15px;
  border: 1px solid #989a9b;
  border-radius: 5px;
  background-color: #cdd2d4;
  text-align: center;
  vertical-align: middle;
  line-height: 35px;
  cursor: pointer;
  -webkit-transition: all 0.8s ease-in-out;
  transition: all 0.8s ease-in-out;
  -webkit-transition-property: background-color box-shadow;
  transition-property: background-color box-shadow;
}

.c0:hover {
  background-color: #acb0b3;
  box-shadow: 0px 15px 10px -10px #373839;
  -webkit-transform: translateY(3px);
  -ms-transform: translateY(3px);
  transform: translateY(3px);
  -webkit-transition: all 0.3s ease-in-out;
  transition: all 0.3s ease-in-out;
  -webkit-transition-property: background-color box-shadow;
  transition-property: background-color box-shadow;
}

<div
  className="c0"
  disabled={false}
  onClick={[Function]}
>
  Click Me
</div>
`;
